============================= test session starts =============================
platform win32 -- Python 3.12.12, pytest-9.0.2, pluggy-1.6.0
rootdir: C:\Sebastian\Project\ielts-pressure-engine
plugins: anyio-4.13.0, langsmith-0.7.22, asyncio-1.3.0
asyncio: mode=Mode.STRICT, debug=False, asyncio_default_fixture_loop_scope=None, asyncio_default_test_loop_scope=function
collected 3 items

backend\tests\test_scoring_consistency.py ...                            [100%]

============================== 3 passed in 2.02s ==============================
