============================= test session starts =============================
platform win32 -- Python 3.12.12, pytest-9.0.2, pluggy-1.6.0
rootdir: C:\Sebastian\Project\ielts-pressure-engine\backend
plugins: anyio-4.13.0, langsmith-0.7.22
collected 5 items / 1 error

=================================== ERRORS ====================================
______________________ ERROR collecting test_adaptive.py ______________________
ImportError while importing test module 'C:\Sebastian\Project\ielts-pressure-engine\backend\test_adaptive.py'.
Hint: make sure your test modules/packages have valid Python names.
Traceback:
C:\Users\user\AppData\Roaming\uv\python\cpython-3.12.12-windows-x86_64-none\Lib\importlib\__init__.py:90: in import_module
    return _bootstrap._gcd_import(name[level:], package, level)
           ^^^^^^^^^^^^^^^^^^^^^^^^^^^^^^^^^^^^^^^^^^^^^^^^^^^^
test_adaptive.py:8: in <module>
    from app.core.evaluator import extract_signals
E   ImportError: cannot import name 'extract_signals' from 'app.core.evaluator' (C:\Sebastian\Project\ielts-pressure-engine\backend\app\core\evaluator.py)
=========================== short test summary info ===========================
ERROR test_adaptive.py
!!!!!!!!!!!!!!!!!!! Interrupted: 1 error during collection !!!!!!!!!!!!!!!!!!!!
============================== 1 error in 8.90s ===============================
